  Determining projects to restore...
  All projects are up-to-date for restore.
C:\Users\Brad\Documents\~AppProjects\PhotoRenamerApp\Services\SuggestionEngine.cs(15,51): error CS0103: The name 'Path' does not exist in the current context [C:\Users\Brad\Documents\~AppProjects\PhotoRenamerApp\PhotoRenamer_bbf3njwc_wpftmp.csproj]
C:\Users\Brad\Documents\~AppProjects\PhotoRenamerApp\Models\PhotoFile.cs(28,36): error CS0103: The name 'Path' does not exist in the current context [C:\Users\Brad\Documents\~AppProjects\PhotoRenamerApp\PhotoRenamer_bbf3njwc_wpftmp.csproj]
C:\Users\Brad\Documents\~AppProjects\PhotoRenamerApp\Services\MetadataReader.cs(25,25): error CS0103: The name 'Path' does not exist in the current context [C:\Users\Brad\Documents\~AppProjects\PhotoRenamerApp\PhotoRenamer_bbf3njwc_wpftmp.csproj]
C:\Users\Brad\Documents\~AppProjects\PhotoRenamerApp\Services\MetadataReader.cs(33,32): error CS0103: The name 'Path' does not exist in the current context [C:\Users\Brad\Documents\~AppProjects\PhotoRenamerApp\PhotoRenamer_bbf3njwc_wpftmp.csproj]
C:\Users\Brad\Documents\~AppProjects\PhotoRenamerApp\Services\MetadataReader.cs(52,36): error CS0246: The type or namespace name 'FileInfo' could not be found (are you missing a using directive or an assembly reference?) [C:\Users\Brad\Documents\~AppProjects\PhotoRenamerApp\PhotoRenamer_bbf3njwc_wpftmp.csproj]
C:\Users\Brad\Documents\~AppProjects\PhotoRenamerApp\Services\MetadataReader.cs(61,32): error CS0246: The type or namespace name 'FileInfo' could not be found (are you missing a using directive or an assembly reference?) [C:\Users\Brad\Documents\~AppProjects\PhotoRenamerApp\PhotoRenamer_bbf3njwc_wpftmp.csproj]
C:\Users\Brad\Documents\~AppProjects\PhotoRenamerApp\Services\FileManager.cs(32,14): error CS0103: The name 'Directory' does not exist in the current context [C:\Users\Brad\Documents\~AppProjects\PhotoRenamerApp\PhotoRenamer_bbf3njwc_wpftmp.csproj]
C:\Users\Brad\Documents\~AppProjects\PhotoRenamerApp\Services\FileManager.cs(35,40): error CS0103: The name 'SearchOption' does not exist in the current context [C:\Users\Brad\Documents\~AppProjects\PhotoRenamerApp\PhotoRenamer_bbf3njwc_wpftmp.csproj]
C:\Users\Brad\Documents\~AppProjects\PhotoRenamerApp\Services\FileManager.cs(35,70): error CS0103: The name 'SearchOption' does not exist in the current context [C:\Users\Brad\Documents\~AppProjects\PhotoRenamerApp\PhotoRenamer_bbf3njwc_wpftmp.csproj]
C:\Users\Brad\Documents\~AppProjects\PhotoRenamerApp\Services\FileManager.cs(36,21): error CS0103: The name 'Directory' does not exist in the current context [C:\Users\Brad\Documents\~AppProjects\PhotoRenamerApp\PhotoRenamer_bbf3njwc_wpftmp.csproj]
C:\Users\Brad\Documents\~AppProjects\PhotoRenamerApp\Services\FileManager.cs(37,55): error CS0103: The name 'Path' does not exist in the current context [C:\Users\Brad\Documents\~AppProjects\PhotoRenamerApp\PhotoRenamer_bbf3njwc_wpftmp.csproj]
C:\Users\Brad\Documents\~AppProjects\PhotoRenamerApp\Services\FileManager.cs(45,36): error CS0246: The type or namespace name 'FileInfo' could not be found (are you missing a using directive or an assembly reference?) [C:\Users\Brad\Documents\~AppProjects\PhotoRenamerApp\PhotoRenamer_bbf3njwc_wpftmp.csproj]
C:\Users\Brad\Documents\~AppProjects\PhotoRenamerApp\Services\FileManager.cs(28,40): warning CS1998: This async method lacks 'await' operators and will run synchronously. Consider using the 'await' operator to await non-blocking API calls, or 'await Task.Run(...)' to do CPU-bound work on a background thread. [C:\Users\Brad\Documents\~AppProjects\PhotoRenamerApp\PhotoRenamer_bbf3njwc_wpftmp.csproj]
C:\Users\Brad\Documents\~AppProjects\PhotoRenamerApp\Services\FileManager.cs(73,18): error CS0103: The name 'File' does not exist in the current context [C:\Users\Brad\Documents\~AppProjects\PhotoRenamerApp\PhotoRenamer_bbf3njwc_wpftmp.csproj]
C:\Users\Brad\Documents\~AppProjects\PhotoRenamerApp\Services\FileManager.cs(78,17): error CS0103: The name 'File' does not exist in the current context [C:\Users\Brad\Documents\~AppProjects\PhotoRenamerApp\PhotoRenamer_bbf3njwc_wpftmp.csproj]
C:\Users\Brad\Documents\~AppProjects\PhotoRenamerApp\Services\FileManager.cs(84,32): error CS0246: The type or namespace name 'FileInfo' could not be found (are you missing a using directive or an assembly reference?) [C:\Users\Brad\Documents\~AppProjects\PhotoRenamerApp\PhotoRenamer_bbf3njwc_wpftmp.csproj]
C:\Users\Brad\Documents\~AppProjects\PhotoRenamerApp\Services\FileManager.cs(89,34): error CS0103: The name 'File' does not exist in the current context [C:\Users\Brad\Documents\~AppProjects\PhotoRenamerApp\PhotoRenamer_bbf3njwc_wpftmp.csproj]
C:\Users\Brad\Documents\~AppProjects\PhotoRenamerApp\Services\FileManager.cs(92,35): error CS0246: The type or namespace name 'FileInfo' could not be found (are you missing a using directive or an assembly reference?) [C:\Users\Brad\Documents\~AppProjects\PhotoRenamerApp\PhotoRenamer_bbf3njwc_wpftmp.csproj]
C:\Users\Brad\Documents\~AppProjects\PhotoRenamerApp\Services\FileManager.cs(103,16): error CS0246: The type or namespace name 'IOException' could not be found (are you missing a using directive or an assembly reference?) [C:\Users\Brad\Documents\~AppProjects\PhotoRenamerApp\PhotoRenamer_bbf3njwc_wpftmp.csproj]
C:\Users\Brad\Documents\~AppProjects\PhotoRenamerApp\Services\SuggestionEngine.cs(222,51): error CS0103: The name 'File' does not exist in the current context [C:\Users\Brad\Documents\~AppProjects\PhotoRenamerApp\PhotoRenamer_bbf3njwc_wpftmp.csproj]
C:\Users\Brad\Documents\~AppProjects\PhotoRenamerApp\Services\SuggestionEngine.cs(222,63): error CS0103: The name 'Path' does not exist in the current context [C:\Users\Brad\Documents\~AppProjects\PhotoRenamerApp\PhotoRenamer_bbf3njwc_wpftmp.csproj]
C:\Users\Brad\Documents\~AppProjects\PhotoRenamerApp\Services\SuggestionEngine.cs(233,55): error CS0103: The name 'File' does not exist in the current context [C:\Users\Brad\Documents\~AppProjects\PhotoRenamerApp\PhotoRenamer_bbf3njwc_wpftmp.csproj]
C:\Users\Brad\Documents\~AppProjects\PhotoRenamerApp\Services\SuggestionEngine.cs(233,67): error CS0103: The name 'Path' does not exist in the current context [C:\Users\Brad\Documents\~AppProjects\PhotoRenamerApp\PhotoRenamer_bbf3njwc_wpftmp.csproj]

Build FAILED.

C:\Users\Brad\Documents\~AppProjects\PhotoRenamerApp\Services\FileManager.cs(28,40): warning CS1998: This async method lacks 'await' operators and will run synchronously. Consider using the 'await' operator to await non-blocking API calls, or 'await Task.Run(...)' to do CPU-bound work on a background thread. [C:\Users\Brad\Documents\~AppProjects\PhotoRenamerApp\PhotoRenamer_bbf3njwc_wpftmp.csproj]
C:\Users\Brad\Documents\~AppProjects\PhotoRenamerApp\Services\SuggestionEngine.cs(15,51): error CS0103: The name 'Path' does not exist in the current context [C:\Users\Brad\Documents\~AppProjects\PhotoRenamerApp\PhotoRenamer_bbf3njwc_wpftmp.csproj]
C:\Users\Brad\Documents\~AppProjects\PhotoRenamerApp\Models\PhotoFile.cs(28,36): error CS0103: The name 'Path' does not exist in the current context [C:\Users\Brad\Documents\~AppProjects\PhotoRenamerApp\PhotoRenamer_bbf3njwc_wpftmp.csproj]
C:\Users\Brad\Documents\~AppProjects\PhotoRenamerApp\Services\MetadataReader.cs(25,25): error CS0103: The name 'Path' does not exist in the current context [C:\Users\Brad\Documents\~AppProjects\PhotoRenamerApp\PhotoRenamer_bbf3njwc_wpftmp.csproj]
C:\Users\Brad\Documents\~AppProjects\PhotoRenamerApp\Services\MetadataReader.cs(33,32): error CS0103: The name 'Path' does not exist in the current context [C:\Users\Brad\Documents\~AppProjects\PhotoRenamerApp\PhotoRenamer_bbf3njwc_wpftmp.csproj]
C:\Users\Brad\Documents\~AppProjects\PhotoRenamerApp\Services\MetadataReader.cs(52,36): error CS0246: The type or namespace name 'FileInfo' could not be found (are you missing a using directive or an assembly reference?) [C:\Users\Brad\Documents\~AppProjects\PhotoRenamerApp\PhotoRenamer_bbf3njwc_wpftmp.csproj]
C:\Users\Brad\Documents\~AppProjects\PhotoRenamerApp\Services\MetadataReader.cs(61,32): error CS0246: The type or namespace name 'FileInfo' could not be found (are you missing a using directive or an assembly reference?) [C:\Users\Brad\Documents\~AppProjects\PhotoRenamerApp\PhotoRenamer_bbf3njwc_wpftmp.csproj]
C:\Users\Brad\Documents\~AppProjects\PhotoRenamerApp\Services\FileManager.cs(32,14): error CS0103: The name 'Directory' does not exist in the current context [C:\Users\Brad\Documents\~AppProjects\PhotoRenamerApp\PhotoRenamer_bbf3njwc_wpftmp.csproj]
C:\Users\Brad\Documents\~AppProjects\PhotoRenamerApp\Services\FileManager.cs(35,40): error CS0103: The name 'SearchOption' does not exist in the current context [C:\Users\Brad\Documents\~AppProjects\PhotoRenamerApp\PhotoRenamer_bbf3njwc_wpftmp.csproj]
C:\Users\Brad\Documents\~AppProjects\PhotoRenamerApp\Services\FileManager.cs(35,70): error CS0103: The name 'SearchOption' does not exist in the current context [C:\Users\Brad\Documents\~AppProjects\PhotoRenamerApp\PhotoRenamer_bbf3njwc_wpftmp.csproj]
C:\Users\Brad\Documents\~AppProjects\PhotoRenamerApp\Services\FileManager.cs(36,21): error CS0103: The name 'Directory' does not exist in the current context [C:\Users\Brad\Documents\~AppProjects\PhotoRenamerApp\PhotoRenamer_bbf3njwc_wpftmp.csproj]
C:\Users\Brad\Documents\~AppProjects\PhotoRenamerApp\Services\FileManager.cs(37,55): error CS0103: The name 'Path' does not exist in the current context [C:\Users\Brad\Documents\~AppProjects\PhotoRenamerApp\PhotoRenamer_bbf3njwc_wpftmp.csproj]
C:\Users\Brad\Documents\~AppProjects\PhotoRenamerApp\Services\FileManager.cs(45,36): error CS0246: The type or namespace name 'FileInfo' could not be found (are you missing a using directive or an assembly reference?) [C:\Users\Brad\Documents\~AppProjects\PhotoRenamerApp\PhotoRenamer_bbf3njwc_wpftmp.csproj]
C:\Users\Brad\Documents\~AppProjects\PhotoRenamerApp\Services\FileManager.cs(73,18): error CS0103: The name 'File' does not exist in the current context [C:\Users\Brad\Documents\~AppProjects\PhotoRenamerApp\PhotoRenamer_bbf3njwc_wpftmp.csproj]
C:\Users\Brad\Documents\~AppProjects\PhotoRenamerApp\Services\FileManager.cs(78,17): error CS0103: The name 'File' does not exist in the current context [C:\Users\Brad\Documents\~AppProjects\PhotoRenamerApp\PhotoRenamer_bbf3njwc_wpftmp.csproj]
C:\Users\Brad\Documents\~AppProjects\PhotoRenamerApp\Services\FileManager.cs(84,32): error CS0246: The type or namespace name 'FileInfo' could not be found (are you missing a using directive or an assembly reference?) [C:\Users\Brad\Documents\~AppProjects\PhotoRenamerApp\PhotoRenamer_bbf3njwc_wpftmp.csproj]
C:\Users\Brad\Documents\~AppProjects\PhotoRenamerApp\Services\FileManager.cs(89,34): error CS0103: The name 'File' does not exist in the current context [C:\Users\Brad\Documents\~AppProjects\PhotoRenamerApp\PhotoRenamer_bbf3njwc_wpftmp.csproj]
C:\Users\Brad\Documents\~AppProjects\PhotoRenamerApp\Services\FileManager.cs(92,35): error CS0246: The type or namespace name 'FileInfo' could not be found (are you missing a using directive or an assembly reference?) [C:\Users\Brad\Documents\~AppProjects\PhotoRenamerApp\PhotoRenamer_bbf3njwc_wpftmp.csproj]
C:\Users\Brad\Documents\~AppProjects\PhotoRenamerApp\Services\FileManager.cs(103,16): error CS0246: The type or namespace name 'IOException' could not be found (are you missing a using directive or an assembly reference?) [C:\Users\Brad\Documents\~AppProjects\PhotoRenamerApp\PhotoRenamer_bbf3njwc_wpftmp.csproj]
C:\Users\Brad\Documents\~AppProjects\PhotoRenamerApp\Services\SuggestionEngine.cs(222,51): error CS0103: The name 'File' does not exist in the current context [C:\Users\Brad\Documents\~AppProjects\PhotoRenamerApp\PhotoRenamer_bbf3njwc_wpftmp.csproj]
C:\Users\Brad\Documents\~AppProjects\PhotoRenamerApp\Services\SuggestionEngine.cs(222,63): error CS0103: The name 'Path' does not exist in the current context [C:\Users\Brad\Documents\~AppProjects\PhotoRenamerApp\PhotoRenamer_bbf3njwc_wpftmp.csproj]
C:\Users\Brad\Documents\~AppProjects\PhotoRenamerApp\Services\SuggestionEngine.cs(233,55): error CS0103: The name 'File' does not exist in the current context [C:\Users\Brad\Documents\~AppProjects\PhotoRenamerApp\PhotoRenamer_bbf3njwc_wpftmp.csproj]
C:\Users\Brad\Documents\~AppProjects\PhotoRenamerApp\Services\SuggestionEngine.cs(233,67): error CS0103: The name 'Path' does not exist in the current context [C:\Users\Brad\Documents\~AppProjects\PhotoRenamerApp\PhotoRenamer_bbf3njwc_wpftmp.csproj]
    1 Warning(s)
    22 Error(s)

Time Elapsed 00:00:02.65
